error: no reconos slot in file 'addThreadTestCase_noslot.mhs'
